\BOOKMARK [1][-]{section.1}{\376\377\000I\000n\000t\000r\000o\000d\000u\000c\000c\000i\000\363\000n}{}% 1
\BOOKMARK [2][-]{subsection.2}{\376\377\000P\000r\000o\000b\000l\000e\000m\000a\000\040\000y\000\040\000p\000r\000e\000g\000u\000n\000t\000a\000\040\000d\000e\000\040\000t\000r\000a\000b\000a\000j\000o}{section.1}% 2
\BOOKMARK [2][-]{subsection.3}{\376\377\000O\000b\000j\000e\000t\000i\000v\000o\000s}{section.1}% 3
\BOOKMARK [2][-]{subsection.9}{\376\377\000A\000l\000c\000a\000n\000c\000e\000\040\000y\000\040\000d\000e\000l\000i\000m\000i\000t\000a\000c\000i\000\363\000n}{section.1}% 4
\BOOKMARK [1][-]{section.10}{\376\377\000F\000u\000n\000d\000a\000m\000e\000n\000t\000o\000\040\000t\000e\000\363\000r\000i\000c\000o\000\040\000y\000\040\000m\000e\000t\000o\000d\000o\000l\000\363\000g\000i\000c\000o}{}% 5
\BOOKMARK [2][-]{subsection.11}{\376\377\000M\000i\000n\000e\000r\000\355\000a\000\040\000d\000e\000\040\000d\000a\000t\000o\000s\000\040\000y\000\040\000m\000a\000r\000c\000o\000s\000\040\000d\000e\000\040\000c\000i\000c\000l\000o\000\040\000d\000e\000\040\000v\000i\000d\000a\000:\000\040\000C\000R\000I\000S\000P\000-\000D\000M\000\040\000y\000\040\000K\000D\000D}{section.10}% 6
\BOOKMARK [2][-]{subsection.12}{\376\377\000P\000r\000i\000n\000c\000i\000p\000i\000o\000s\000\040\000t\000e\000\363\000r\000i\000c\000o\000s\000\040\000d\000e\000\040\000p\000r\000e\000p\000a\000r\000a\000c\000i\000\363\000n\000\040\000d\000e\000\040\000d\000a\000t\000o\000s\000\040\000y\000\040\000c\000a\000l\000i\000d\000a\000d}{section.10}% 7
\BOOKMARK [2][-]{subsection.18}{\376\377\000T\000r\000a\000z\000a\000b\000i\000l\000i\000d\000a\000d\000,\000\040\000p\000e\000r\000s\000i\000s\000t\000e\000n\000c\000i\000a\000\040\000a\000t\000\363\000m\000i\000c\000a\000\040\000y\000\040\000g\000o\000b\000e\000r\000n\000a\000n\000z\000a\000\040\000e\000n\000\040\000J\000S\000O\000N}{section.10}% 8
\BOOKMARK [1][-]{section.19}{\376\377\000M\000e\000t\000o\000d\000o\000l\000o\000g\000\355\000a}{}% 9
\BOOKMARK [2][-]{subsection.20}{\376\377\000D\000i\000s\000e\000\361\000o\000\040\000d\000e\000l\000\040\000e\000s\000t\000u\000d\000i\000o\000\040\000y\000\040\000f\000u\000e\000n\000t\000e\000\040\000d\000e\000\040\000d\000a\000t\000o\000s}{section.19}% 10
\BOOKMARK [2][-]{subsection.21}{\376\377\000E\000t\000a\000p\000a\000s\000\040\000d\000e\000l\000\040\000p\000r\000o\000c\000e\000d\000i\000m\000i\000e\000n\000t\000o\000\040\000o\000p\000e\000r\000a\000t\000i\000v\000o}{section.19}% 11
\BOOKMARK [2][-]{subsection.31}{\376\377\000C\000a\000t\000\341\000l\000o\000g\000o\000\040\000d\000e\000\040\000r\000e\000g\000l\000a\000s\000\040\000d\000e\000\040\000l\000i\000m\000p\000i\000e\000z\000a\000\040\000y\000\040\000c\000a\000l\000i\000d\000a\000d\000\040\000e\000j\000e\000c\000u\000t\000a\000d\000a\000s}{section.19}% 12
\BOOKMARK [2][-]{subsection.32}{\376\377\000E\000s\000t\000r\000a\000t\000e\000g\000i\000a\000\040\000d\000e\000\040\000v\000e\000r\000i\000f\000i\000c\000a\000c\000i\000\363\000n\000\040\000y\000\040\000c\000o\000n\000t\000r\000o\000l\000\040\000m\000u\000e\000s\000t\000r\000a\000l\000\040\000\050\000Q\000A\000\051}{section.19}% 13
\BOOKMARK [1][-]{section.33}{\376\377\000R\000e\000s\000u\000l\000t\000a\000d\000o\000s}{}% 14
\BOOKMARK [2][-]{subsection.34}{\376\377\000E\000s\000t\000r\000u\000c\000t\000u\000r\000a\000\040\000t\000\351\000c\000n\000i\000c\000a\000\040\000y\000\040\000v\000e\000r\000i\000f\000i\000c\000a\000c\000i\000\363\000n\000\040\000d\000e\000\040\000i\000n\000t\000e\000g\000r\000i\000d\000a\000d\000\040\000c\000r\000i\000p\000t\000o\000g\000r\000\341\000f\000i\000c\000a}{section.33}% 15
\BOOKMARK [2][-]{subsection.36}{\376\377\000D\000i\000a\000g\000n\000\363\000s\000t\000i\000c\000o\000\040\000d\000e\000\040\000a\000u\000s\000e\000n\000c\000i\000a\000s\000\040\000y\000\040\000r\000e\000f\000u\000t\000a\000c\000i\000\363\000n\000\040\000d\000e\000l\000\040\000d\000e\000s\000c\000a\000r\000t\000e\000\040\000c\000i\000e\000g\000o\000\040\000\050\000L\000-\0008\0000\000\051}{section.33}% 16
\BOOKMARK [2][-]{subsection.38}{\376\377\000C\000a\000t\000\341\000l\000o\000g\000o\000\040\000d\000e\000\040\000r\000e\000g\000l\000a\000s\000\040\000d\000e\000\040\000c\000a\000l\000i\000d\000a\000d\000\040\000y\000\040\000t\000r\000a\000n\000s\000f\000o\000r\000m\000a\000c\000i\000o\000n\000e\000s\000\040\000t\000r\000a\000z\000a\000d\000a\000s}{section.33}% 17
\BOOKMARK [2][-]{subsection.41}{\376\377\000D\000e\000l\000i\000m\000i\000t\000a\000c\000i\000\363\000n\000\040\000t\000e\000r\000r\000i\000t\000o\000r\000i\000a\000l\000\040\000d\000e\000\040\000l\000a\000\040\000m\000u\000e\000s\000t\000r\000a\000\040\000p\000o\000r\000\040\000d\000e\000p\000a\000r\000t\000a\000m\000e\000n\000t\000o}{section.33}% 18
\BOOKMARK [2][-]{subsection.43}{\376\377\000S\000e\000g\000m\000e\000n\000t\000a\000c\000i\000\363\000n\000\040\000a\000n\000a\000l\000\355\000t\000i\000c\000a\000:\000\040\000L\000a\000s\000\040\0001\0001\000\040\000v\000i\000s\000t\000a\000s\000\040\000t\000e\000m\000\341\000t\000i\000c\000a\000s}{section.33}% 19
\BOOKMARK [2][-]{subsection.46}{\376\377\000A\000u\000d\000i\000t\000o\000r\000\355\000a\000\040\000i\000n\000t\000r\000a\000h\000o\000g\000a\000r\000\040\000e\000n\000\040\000l\000a\000\040\000m\000u\000e\000s\000t\000r\000a\000\040\000d\000e\000\040\000c\000o\000n\000t\000r\000o\000l\000\040\000\050\000Q\000A\000\051}{section.33}% 20
\BOOKMARK [1][-]{section.47}{\376\377\000D\000a\000s\000h\000b\000o\000a\000r\000d\000\040\000i\000n\000t\000e\000r\000a\000c\000t\000i\000v\000o\000\040\000y\000\040\000p\000r\000e\000s\000e\000n\000t\000a\000c\000i\000\363\000n\000\040\000a\000n\000a\000l\000\355\000t\000i\000c\000a}{}% 21
\BOOKMARK [2][-]{subsection.48}{\376\377\000A\000r\000q\000u\000i\000t\000e\000c\000t\000u\000r\000a\000\040\000d\000e\000l\000\040\000s\000i\000s\000t\000e\000m\000a\000\040\000w\000e\000b\000\040\000y\000\040\000d\000e\000s\000a\000c\000o\000p\000l\000a\000m\000i\000e\000n\000t\000o}{section.47}% 22
\BOOKMARK [2][-]{subsection.49}{\376\377\000M\000\363\000d\000u\000l\000o\000s\000\040\000f\000u\000n\000c\000i\000o\000n\000a\000l\000e\000s\000\040\000d\000e\000l\000\040\000s\000i\000s\000t\000e\000m\000a}{section.47}% 23
\BOOKMARK [2][-]{subsection.54}{\376\377\000C\000a\000r\000t\000o\000g\000r\000a\000f\000\355\000a\000\040\000i\000n\000t\000e\000r\000a\000c\000t\000i\000v\000a\000\040\000y\000\040\000c\000o\000n\000s\000o\000l\000i\000d\000a\000c\000i\000\363\000n\000\040\000d\000e\000p\000a\000r\000t\000a\000m\000e\000n\000t\000a\000l}{section.47}% 24
\BOOKMARK [2][-]{subsection.56}{\376\377\000P\000o\000l\000\355\000t\000i\000c\000a\000s\000\040\000d\000e\000\040\000p\000r\000i\000v\000a\000c\000i\000d\000a\000d\000\040\000y\000\040\000s\000u\000p\000r\000e\000s\000i\000\363\000n\000\040\000d\000e\000\040\000c\000e\000l\000d\000a\000s\000\040\000p\000e\000q\000u\000e\000\361\000a\000s}{section.47}% 25
\BOOKMARK [1][-]{section.57}{\376\377\000D\000i\000s\000c\000u\000s\000i\000\363\000n}{}% 26
\BOOKMARK [2][-]{subsection.58}{\376\377\000I\000n\000t\000e\000g\000r\000i\000d\000a\000d\000\040\000e\000s\000t\000r\000u\000c\000t\000u\000r\000a\000l\000\040\000f\000r\000e\000n\000t\000e\000\040\000a\000l\000\040\000m\000i\000t\000o\000\040\000d\000e\000\040\000l\000a\000\040\000l\000i\000m\000p\000i\000e\000z\000a\000\040\000d\000e\000s\000t\000r\000u\000c\000t\000i\000v\000a}{section.57}% 27
\BOOKMARK [2][-]{subsection.59}{\376\377\000E\000l\000\040\000c\000o\000n\000c\000e\000p\000t\000o\000\040\000d\000e\000\040\000d\000a\000t\000a\000s\000e\000t\000\040\000l\000i\000m\000p\000i\000o\000\040\000y\000\040\000l\000a\000s\000\040\000l\000i\000m\000i\000t\000a\000c\000i\000o\000n\000e\000s\000\040\000s\000e\000m\000\341\000n\000t\000i\000c\000a\000s}{section.57}% 28
\BOOKMARK [2][-]{subsection.60}{\376\377\000D\000i\000s\000e\000\361\000o\000\040\000m\000u\000e\000s\000t\000r\000a\000l\000,\000\040\000r\000e\000p\000r\000e\000s\000e\000n\000t\000a\000t\000i\000v\000i\000d\000a\000d\000\040\000y\000\040\000l\000\355\000m\000i\000t\000e\000s\000\040\000i\000n\000f\000e\000r\000e\000n\000c\000i\000a\000l\000e\000s}{section.57}% 29
\BOOKMARK [2][-]{subsection.61}{\376\377\000C\000o\000n\000s\000o\000l\000i\000d\000a\000c\000i\000\363\000n\000\040\000d\000e\000\040\000l\000a\000\040\000v\000i\000s\000t\000a\000\040\000r\000e\000g\000i\000o\000n\000a\000l}{section.57}% 30
\BOOKMARK [1][-]{section.62}{\376\377\000C\000o\000n\000c\000l\000u\000s\000i\000o\000n\000e\000s\000\040\000y\000\040\000t\000r\000a\000b\000a\000j\000o\000\040\000f\000u\000t\000u\000r\000o}{}% 31
\BOOKMARK [2][-]{subsection.63}{\376\377\000C\000o\000n\000c\000l\000u\000s\000i\000o\000n\000e\000s\000\040\000d\000e\000l\000\040\000p\000r\000o\000y\000e\000c\000t\000o}{section.62}% 32
\BOOKMARK [2][-]{subsection.69}{\376\377\000T\000r\000a\000b\000a\000j\000o\000\040\000f\000u\000t\000u\000r\000o\000\040\000y\000\040\000r\000e\000c\000o\000m\000e\000n\000d\000a\000c\000i\000o\000n\000e\000s}{section.62}% 33
\BOOKMARK [1][-]{appendix.70}{\376\377\000R\000e\000p\000r\000o\000d\000u\000c\000i\000b\000i\000l\000i\000d\000a\000d\000\040\000y\000\040\000a\000r\000t\000e\000f\000a\000c\000t\000o\000s\000\040\000c\000o\000n\000s\000u\000l\000t\000a\000d\000o\000s}{}% 34
